// Vitest Snapshot v1, https://vitest.dev/guide/snapshot.html

exports[`Pagination > renders correctly 1`] = `
<div>
  <nav
    class="flex justify-center items-center my-4"
  >
    <button
      class="opacity-50 cursor-not-allowed border border-gray-500 text-gray-500 rounded-md px-4 py-2 m-2 transition duration-500 ease select-none hover:text-white hover:bg-gray-500 focus:outline-none focus:shadow-outline"
      disabled=""
    >
       Previous 
    </button>
    <div
      class="flex"
    >
      
      <button
        class="bg-gray-500 text-white border border-gray-500 rounded-md px-3 py-2 m-1 transition duration-500 ease select-none hover:text-white hover:bg-gray-500 focus:outline-none focus:shadow-outline"
        disabled=""
      >
        1
      </button>
      <button
        class="text-gray-500 border border-gray-500 rounded-md px-3 py-2 m-1 transition duration-500 ease select-none hover:text-white hover:bg-gray-500 focus:outline-none focus:shadow-outline"
      >
        2
      </button>
      <button
        class="text-gray-500 border border-gray-500 rounded-md px-3 py-2 m-1 transition duration-500 ease select-none hover:text-white hover:bg-gray-500 focus:outline-none focus:shadow-outline"
      >
        3
      </button>
      <button
        class="text-gray-500 border border-gray-500 rounded-md px-3 py-2 m-1 transition duration-500 ease select-none hover:text-white hover:bg-gray-500 focus:outline-none focus:shadow-outline"
      >
        4
      </button>
      
    </div>
    <button
      class="border border-gray-500 text-gray-500 rounded-md px-4 py-2 m-2 transition duration-500 ease select-none hover:text-white hover:bg-gray-500 focus:outline-none focus:shadow-outline"
    >
       Next 
    </button>
    <div
      class="flex items-center space-x-2"
    >
      <span
        class="text-gray-500"
      >
        Page 1 of 4
      </span>
      <input
        class="border border-gray-500 text-gray-500 rounded-md px-2 py-2 text-center"
        data-testid="jump-page-input"
        max="4"
        min="1"
        type="number"
      />
      <button
        class="border border-gray-500 text-gray-500 rounded-md px-4 py-2 transition duration-500 ease select-none hover:text-white hover:bg-gray-500 focus:outline-none focus:shadow-outline"
      >
         Go 
      </button>
    </div>
  </nav>
</div>
`;
